
Lalit@DESKTOP-5GB113V MINGW64 ~/Desktop/First git repo
$ git status
fatal: not a git repository (or any of the parent directories): .git

Lalit@DESKTOP-5GB113V MINGW64 ~/Desktop/First git repo
$ git init
Initialized empty Git repository in C:/Users/Lalit/Desktop/First git repo/.git/

Lalit@DESKTOP-5GB113V MINGW64 ~/Desktop/First git repo (master)
$ git status
On branch master

No commits yet

Untracked files:
  (use "git add <file>..." to include in what will be committed)
        index.txt
        until.txt

nothing added to commit but untracked files present (use "git add" to track)

Lalit@DESKTOP-5GB113V MINGW64 ~/Desktop/First git repo (master)
$ git add .

Lalit@DESKTOP-5GB113V MINGW64 ~/Desktop/First git repo (master)
$ git status
On branch master

No commits yet

Changes to be committed:
  (use "git rm --cached <file>..." to unstage)
        new file:   index.txt
        new file:   until.txt


Lalit@DESKTOP-5GB113V MINGW64 ~/Desktop/First git repo (master)
$ git add .

Lalit@DESKTOP-5GB113V MINGW64 ~/Desktop/First git repo (master)
$ git status
On branch master

No commits yet

Changes to be committed:
  (use "git rm --cached <file>..." to unstage)
        new file:   index.txt
        new file:   until.txt


Lalit@DESKTOP-5GB113V MINGW64 ~/Desktop/First git repo (master)
$ git commit -n "version 1"
error: pathspec 'version 1' did not match any file(s) known to git

Lalit@DESKTOP-5GB113V MINGW64 ~/Desktop/First git repo (master)
$ git commit -n "version1"
error: pathspec 'version1' did not match any file(s) known to git

Lalit@DESKTOP-5GB113V MINGW64 ~/Desktop/First git repo (master)
$ git commit -n "Version 1"
error: pathspec 'Version 1' did not match any file(s) known to git

Lalit@DESKTOP-5GB113V MINGW64 ~/Desktop/First git repo (master)
$ git commit -n 'Version 1'
error: pathspec 'Version 1' did not match any file(s) known to git

Lalit@DESKTOP-5GB113V MINGW64 ~/Desktop/First git repo (master)
$ git commit -m 'Version 1'

*** Please tell me who you are.

Run

  git config --global user.email "you@example.com"
  git config --global user.name "Your Name"

to set your account's default identity.
Omit --global to set the identity only in this repository.

fatal: unable to auto-detect email address (got 'Lalit@DESKTOP-5GB113V.(none)')

Lalit@DESKTOP-5GB113V MINGW64 ~/Desktop/First git repo (master)
$ ^C

Lalit@DESKTOP-5GB113V MINGW64 ~/Desktop/First git repo (master)
$  git config --global user.email "you@example.com"

Lalit@DESKTOP-5GB113V MINGW64 ~/Desktop/First git repo (master)
$  git config --global user.email "lalitthakurs9734@gmail.com"

Lalit@DESKTOP-5GB113V MINGW64 ~/Desktop/First git repo (master)
$ ^C

Lalit@DESKTOP-5GB113V MINGW64 ~/Desktop/First git repo (master)
$   git config --global user.name "Lalit Jadaun"

Lalit@DESKTOP-5GB113V MINGW64 ~/Desktop/First git repo (master)
$ git commit -m 'Version 1'
[master (root-commit) 3515e4c] Version 1
 2 files changed, 2 insertions(+)
 create mode 100644 index.txt
 create mode 100644 until.txt

Lalit@DESKTOP-5GB113V MINGW64 ~/Desktop/First git repo (master)
$ git log
commit 3515e4cc9376e04d0dcf064c484813a579023cf2 (HEAD -> master)
Author: Lalit Jadaun <lalitthakurs9734@gmail.com>
Date:   Thu Jun 4 07:15:52 2020 +0530

    Version 1

Lalit@DESKTOP-5GB113V MINGW64 ~/Desktop/First git repo (master)
$ git log
commit 3515e4cc9376e04d0dcf064c484813a579023cf2 (HEAD -> master)
Author: Lalit Jadaun <lalitthakurs9734@gmail.com>
Date:   Thu Jun 4 07:15:52 2020 +0530

    Version 1

Lalit@DESKTOP-5GB113V MINGW64 ~/Desktop/First git repo (master)
$ git status
On branch master
Changes not staged for commit:
  (use "git add <file>..." to update what will be committed)
  (use "git restore <file>..." to discard changes in working directory)
        modified:   until.txt

no changes added to commit (use "git add" and/or "git commit -a")

Lalit@DESKTOP-5GB113V MINGW64 ~/Desktop/First git repo (master)
$ git add .

Lalit@DESKTOP-5GB113V MINGW64 ~/Desktop/First git repo (master)
$ git commit -m "Version 1"
[master f5922b9] Version 1
 1 file changed, 1 insertion(+), 1 deletion(-)

Lalit@DESKTOP-5GB113V MINGW64 ~/Desktop/First git repo (master)
$ git log
commit f5922b93740474388fec6063e828ed07ca95162c (HEAD -> master)
Author: Lalit Jadaun <lalitthakurs9734@gmail.com>
Date:   Thu Jun 4 07:19:55 2020 +0530

    Version 1

commit 3515e4cc9376e04d0dcf064c484813a579023cf2
Author: Lalit Jadaun <lalitthakurs9734@gmail.com>
Date:   Thu Jun 4 07:15:52 2020 +0530

    Version 1

Lalit@DESKTOP-5GB113V MINGW64 ~/Desktop/First git repo (master)
$ git config --g
--get             --get-color       --get-regexp      --global
--get-all         --get-colorbool   --get-urlmatch

Lalit@DESKTOP-5GB113V MINGW64 ~/Desktop/First git repo (master)
$ git config --g
--get             --get-color       --get-regexp      --global
--get-all         --get-colorbool   --get-urlmatch

Lalit@DESKTOP-5GB113V MINGW64 ~/Desktop/First git repo (master)
$ git config --global user.name
Lalit Jadaun

Lalit@DESKTOP-5GB113V MINGW64 ~/Desktop/First git repo (master)
$ git config --global user.email
lalitthakurs9734@gmail.com

Lalit@DESKTOP-5GB113V MINGW64 ~/Desktop/First git repo (master)
$ git status
On branch master
nothing to commit, working tree clean

Lalit@DESKTOP-5GB113V MINGW64 ~/Desktop/First git repo (master)
$ git remote add origin git@github.com:LalitJ-All-Info/about-git.git

Lalit@DESKTOP-5GB113V MINGW64 ~/Desktop/First git repo (master)
$ git push -u origin master
The authenticity of host 'github.com (13.234.176.102)' can't be established.
RSA key fingerprint is SHA256:nThbg6kXUpJWGl7E1IGOCspRomTxdCARLviKw6E5SY8.
Are you sure you want to continue connecting (yes/no/[fingerprint])? yes
Warning: Permanently added 'github.com,13.234.176.102' (RSA) to the list of known hosts.
git@github.com: Permission denied (publickey).
fatal: Could not read from remote repository.

Please make sure you have the correct access rights
and the repository exists.

Lalit@DESKTOP-5GB113V MINGW64 ~/Desktop/First git repo (master)
$ git push -u origin master
git@github.com: Permission denied (publickey).
fatal: Could not read from remote repository.

Please make sure you have the correct access rights
and the repository exists.

Lalit@DESKTOP-5GB113V MINGW64 ~/Desktop/First git repo (master)
$ $ ssh-keygen -t rsa -b 4096 -C "lalitthakurs9734@gmail.com"
bash: $: command not found

Lalit@DESKTOP-5GB113V MINGW64 ~/Desktop/First git repo (master)
$ ssh-keygen -t rsa -b 4096 -C "lalitthakurs9734@gmail.com"
Generating public/private rsa key pair.
Enter file in which to save the key (/c/Users/Lalit/.ssh/id_rsa):
Enter passphrase (empty for no passphrase):
Enter same passphrase again:
Your identification has been saved in /c/Users/Lalit/.ssh/id_rsa
Your public key has been saved in /c/Users/Lalit/.ssh/id_rsa.pub
The key fingerprint is:
SHA256:ZaGYNTM38/ymRB3PJCdQTOWCA+NNKTcpQ/M6di68Z/o lalitthakurs9734@gmail.com
The key's randomart image is:
+---[RSA 4096]----+
|        =.X oB*.+|
|       + B+&=o.X |
|      o . +=O.o +|
|         o o o . |
|        S + o o  |
|         o = o   |
|          o o    |
|           oo    |
|          o=E    |
+----[SHA256]-----+

Lalit@DESKTOP-5GB113V MINGW64 ~/Desktop/First git repo (master)
$ eval $(ssh-agent -s)
Agent pid 404

Lalit@DESKTOP-5GB113V MINGW64 ~/Desktop/First git repo (master)
$ ssh-add ~/.ssh/id_rsa
Identity added: /c/Users/Lalit/.ssh/id_rsa (lalitthakurs9734@gmail.com)

Lalit@DESKTOP-5GB113V MINGW64 ~/Desktop/First git repo (master)
$ clip < ~/.ssh/id_rsa.pub

Lalit@DESKTOP-5GB113V MINGW64 ~/Desktop/First git repo (master)
$ git push -u origin master
Warning: Permanently added the RSA host key for IP address '13.234.210.38' to the list of known hosts.
Enumerating objects: 6, done.
Counting objects: 100% (6/6), done.
Delta compression using up to 4 threads
Compressing objects: 100% (4/4), done.
Writing objects: 100% (6/6), 548 bytes | 45.00 KiB/s, done.
Total 6 (delta 0), reused 0 (delta 0), pack-reused 0
To github.com:LalitJ-All-Info/about-git.git
 * [new branch]      master -> master
Branch 'master' set up to track remote branch 'master' from 'origin'.

Lalit@DESKTOP-5GB113V MINGW64 ~/Desktop/First git repo (master)
$ git push origin master
To github.com:LalitJ-All-Info/about-git.git
 ! [rejected]        master -> master (fetch first)
error: failed to push some refs to 'git@github.com:LalitJ-All-Info/about-git.git'
hint: Updates were rejected because the remote contains work that you do
hint: not have locally. This is usually caused by another repository pushing
hint: to the same ref. You may want to first integrate the remote changes
hint: (e.g., 'git pull ...') before pushing again.
hint: See the 'Note about fast-forwards' in 'git push --help' for details.

Lalit@DESKTOP-5GB113V MINGW64 ~/Desktop/First git repo (master)
$ git pull origin master
remote: Enumerating objects: 5, done.
remote: Counting objects: 100% (5/5), done.
remote: Compressing objects: 100% (2/2), done.
remote: Total 3 (delta 0), reused 0 (delta 0), pack-reused 0
Unpacking objects: 100% (3/3), 692 bytes | 4.00 KiB/s, done.
From github.com:LalitJ-All-Info/about-git
 * branch            master     -> FETCH_HEAD
   f5922b9..9a5047f  master     -> origin/master
Updating f5922b9..9a5047f
Fast-forward
 index.txt | 2 +-
 1 file changed, 1 insertion(+), 1 deletion(-)

Lalit@DESKTOP-5GB113V MINGW64 ~/Desktop/First git repo (master)
$ get log
bash: get: command not found

Lalit@DESKTOP-5GB113V MINGW64 ~/Desktop/First git repo (master)
$ git log
commit 9a5047f6d4d20fdc9ca779aa4a735c79e650b58a (HEAD -> master, origin/master)
Author: Lalit Jadaun <lalitthakurs9734@gmail.com>
Date:   Thu Jun 4 08:52:41 2020 +0530

    texting

    opional

commit f5922b93740474388fec6063e828ed07ca95162c
Author: Lalit Jadaun <lalitthakurs9734@gmail.com>
Date:   Thu Jun 4 07:19:55 2020 +0530

    Version 1

commit 3515e4cc9376e04d0dcf064c484813a579023cf2
Author: Lalit Jadaun <lalitthakurs9734@gmail.com>
Date:   Thu Jun 4 07:15:52 2020 +0530

    Version 1

Lalit@DESKTOP-5GB113V MINGW64 ~/Desktop/First git repo (master)
$ git status
On branch master
Your branch is up to date with 'origin/master'.

nothing to commit, working tree clean

Lalit@DESKTOP-5GB113V MINGW64 ~/Desktop/First git repo (master)
$ git diff until.txt
diff --git a/until.txt b/until.txt
index 8d5d70c..b6c059b 100644
--- a/until.txt
+++ b/until.txt
@@ -1 +1 @@
-its is testing for index git change 1st time
\ No newline at end of file
+its is testing for index git change 1st time and agin
\ No newline at end of file

Lalit@DESKTOP-5GB113V MINGW64 ~/Desktop/First git repo (master)
$ git status
On branch master
Your branch is up to date with 'origin/master'.

Changes not staged for commit:
  (use "git add <file>..." to update what will be committed)
  (use "git restore <file>..." to discard changes in working directory)
        modified:   until.txt

no changes added to commit (use "git add" and/or "git commit -a")

Lalit@DESKTOP-5GB113V MINGW64 ~/Desktop/First git repo (master)
$ git status .
On branch master
Your branch is up to date with 'origin/master'.

Changes not staged for commit:
  (use "git add <file>..." to update what will be committed)
  (use "git restore <file>..." to discard changes in working directory)
        modified:   until.txt

no changes added to commit (use "git add" and/or "git commit -a")

Lalit@DESKTOP-5GB113V MINGW64 ~/Desktop/First git repo (master)
$ git checkout .
Updated 1 path from the index

Lalit@DESKTOP-5GB113V MINGW64 ~/Desktop/First git repo (master)
$


Lalit@DESKTOP-5GB113V MINGW64 ~/Desktop/new repo
$ git init
Initialized empty Git repository in C:/Users/Lalit/Desktop/new repo/.git/

Lalit@DESKTOP-5GB113V MINGW64 ~/Desktop/new repo (master)
$ git status
On branch master

No commits yet

Untracked files:
  (use "git add <file>..." to include in what will be committed)
        code.txt

nothing added to commit but untracked files present (use "git add" to track)

Lalit@DESKTOP-5GB113V MINGW64 ~/Desktop/new repo (master)
$ git add .

Lalit@DESKTOP-5GB113V MINGW64 ~/Desktop/new repo (master)
$ git status
On branch master

No commits yet

Changes to be committed:
  (use "git rm --cached <file>..." to unstage)
        new file:   code.txt


Lalit@DESKTOP-5GB113V MINGW64 ~/Desktop/new repo (master)
$ git commit -m "new repo text again"
[master (root-commit) ede0f0c] new repo text again
 1 file changed, 351 insertions(+)
 create mode 100644 code.txt

Lalit@DESKTOP-5GB113V MINGW64 ~/Desktop/new repo (master)
$ git log
commit ede0f0c0b42cce32b920c2385088f4c790f57545 (HEAD -> master)
Author: Lalit Jadaun <lalitthakurs9734@gmail.com>
Date:   Fri Jun 5 20:03:52 2020 +0530

    new repo text again

Lalit@DESKTOP-5GB113V MINGW64 ~/Desktop/new repo (master)
$ git remote add origin git@github.com:LalitJ-All-Info/newrepo.git

Lalit@DESKTOP-5GB113V MINGW64 ~/Desktop/new repo (master)
$ git push -u origin master
Enumerating objects: 3, done.
Counting objects: 100% (3/3), done.
Delta compression using up to 4 threads
Compressing objects: 100% (2/2), done.
Writing objects: 100% (3/3), 2.79 KiB | 407.00 KiB/s, done.
Total 3 (delta 0), reused 0 (delta 0), pack-reused 0
To github.com:LalitJ-All-Info/newrepo.git
 * [new branch]      master -> master
Branch 'master' set up to track remote branch 'master' from 'origin'.

Lalit@DESKTOP-5GB113V MINGW64 ~/Desktop/new repo (master)
